[2025-06-16T00:25:13.921+0000][35][info][gc,init] CardTable entry size: 512
[2025-06-16T00:25:13.924+0000][35][info][gc     ] Using G1
[2025-06-16T00:25:13.937+0000][35][info][gc,init] Version: 21.0.2+13-58 (release)
[2025-06-16T00:25:13.938+0000][35][info][gc,init] CPUs: 16 total, 16 available
[2025-06-16T00:25:13.938+0000][35][info][gc,init] Memory: 7866M
[2025-06-16T00:25:13.939+0000][35][info][gc,init] Large Page Support: Disabled
[2025-06-16T00:25:13.939+0000][35][info][gc,init] NUMA Support: Disabled
[2025-06-16T00:25:13.939+0000][35][info][gc,init] Compressed Oops: Enabled (32-bit)
[2025-06-16T00:25:13.940+0000][35][info][gc,init] Heap Region Size: 1M
[2025-06-16T00:25:13.940+0000][35][info][gc,init] Heap Min Capacity: 1G
[2025-06-16T00:25:13.941+0000][35][info][gc,init] Heap Initial Capacity: 1G
[2025-06-16T00:25:13.941+0000][35][info][gc,init] Heap Max Capacity: 1G
[2025-06-16T00:25:13.941+0000][35][info][gc,init] Pre-touch: Disabled
[2025-06-16T00:25:13.941+0000][35][info][gc,init] Parallel Workers: 13
[2025-06-16T00:25:13.942+0000][35][info][gc,init] Concurrent Workers: 3
[2025-06-16T00:25:13.942+0000][35][info][gc,init] Concurrent Refinement Workers: 13
[2025-06-16T00:25:13.942+0000][35][info][gc,init] Periodic GC: Disabled
[2025-06-16T00:25:13.955+0000][35][info][gc,metaspace] CDS archive(s) mapped at: [0x0000748d23000000-0x0000748d23ca6000-0x0000748d23ca6000), size 13262848, SharedBaseAddress: 0x0000748d23000000, ArchiveRelocationMode: 1.
[2025-06-16T00:25:13.955+0000][35][info][gc,metaspace] Compressed class space mapped at: 0x0000748d24000000-0x0000748d64000000, reserved size: 1073741824
[2025-06-16T00:25:13.956+0000][35][info][gc,metaspace] Narrow klass base: 0x0000748d23000000, Narrow klass shift: 0, Narrow klass range: 0x100000000
[2025-06-16T00:25:14.045+0000][35][info][gc,heap,exit] Heap
[2025-06-16T00:25:14.045+0000][35][info][gc,heap,exit]  garbage-first heap   total 1048576K, used 3103K [0x00000000c0000000, 0x0000000100000000)
[2025-06-16T00:25:14.045+0000][35][info][gc,heap,exit]   region size 1024K, 3 young (3072K), 0 survivors (0K)
[2025-06-16T00:25:14.046+0000][35][info][gc,heap,exit]  Metaspace       used 223K, committed 448K, reserved 1114112K
[2025-06-16T00:25:14.046+0000][35][info][gc,heap,exit]   class space    used 5K, committed 128K, reserved 1048576K
